// Jest Snapshot v1, https://goo.gl/fbAQLP

exports[`Gallery should render properly and stay consistent 1`] = `
<div
  className="imageGalleryContainer"
>
  <div
    className="imageContainer"
  >
    <img
      className="mainImage"
      onClick={[Function]}
      src="https://images.unsplash.com/photo-1501088430049-71c79fa3283e?ixlib=rb-1.2.1&ixid=eyJhcHBfaWQiOjEyMDd9&auto=format&fit=crop&w=668&q=80"
    />
  </div>
  <div>
    <GalleryThumbnail
      click={[Function]}
      index={0}
      key="0"
      photo={
        Object {
          "thumbnail_url": "https://images.unsplash.com/photo-1501088430049-71c79fa3283e?ixlib=rb-1.2.1&ixid=eyJhcHBfaWQiOjEyMDd9&auto=format&fit=crop&w=300&q=80",
          "url": "https://images.unsplash.com/photo-1501088430049-71c79fa3283e?ixlib=rb-1.2.1&ixid=eyJhcHBfaWQiOjEyMDd9&auto=format&fit=crop&w=668&q=80",
        }
      }
      selected={1}
    />
  </div>
  <ExpandedGallery
    LRClick={false}
    handleDown={[Function]}
    handleLeft={[Function]}
    handleRight={[Function]}
    handleThumb={[Function]}
    handleUp={[Function]}
    offset={0}
    open={false}
    photoIndex={0}
    photos={
      Array [
        Object {
          "thumbnail_url": "https://images.unsplash.com/photo-1501088430049-71c79fa3283e?ixlib=rb-1.2.1&ixid=eyJhcHBfaWQiOjEyMDd9&auto=format&fit=crop&w=300&q=80",
          "url": "https://images.unsplash.com/photo-1501088430049-71c79fa3283e?ixlib=rb-1.2.1&ixid=eyJhcHBfaWQiOjEyMDd9&auto=format&fit=crop&w=668&q=80",
        },
      ]
    }
    thumbnails={
      Array [
        Object {
          "thumbnail_url": "https://images.unsplash.com/photo-1501088430049-71c79fa3283e?ixlib=rb-1.2.1&ixid=eyJhcHBfaWQiOjEyMDd9&auto=format&fit=crop&w=300&q=80",
          "url": "https://images.unsplash.com/photo-1501088430049-71c79fa3283e?ixlib=rb-1.2.1&ixid=eyJhcHBfaWQiOjEyMDd9&auto=format&fit=crop&w=668&q=80",
        },
      ]
    }
    xClick={[Function]}
  />
</div>
`;
