// Jest Snapshot v1, https://goo.gl/fbAQLP

exports[`Style Selector should render properly and stay consistent 1`] = `
<div
  className="productBorder"
>
  <div
    className="flex"
  >
    <p>
      $
      140.00
    </p>
    <p
      className="salePrice"
    />
  </div>
  <div>
    Style &gt; 
    Forest Green & Black
  </div>
  <div
    className="flex"
    key="0"
  >
    <StyleComponent
      click={[MockFunction]}
      current="65px"
      key="0"
      style={
        Object {
          "default?": true,
          "name": "Forest Green & Black",
          "original_price": "140.00",
          "photos": Array [
            Object {
              "thumbnail_url": "https://images.unsplash.com/photo-1501088430049-71c79fa3283e?ixlib=rb-1.2.1&ixid=eyJhcHBfaWQiOjEyMDd9&auto=format&fit=crop&w=300&q=80",
              "url": "https://images.unsplash.com/photo-1501088430049-71c79fa3283e?ixlib=rb-1.2.1&ixid=eyJhcHBfaWQiOjEyMDd9&auto=format&fit=crop&w=668&q=80",
            },
          ],
          "sale_price": null,
          "skus": Object {
            "1394769": Object {
              "quantity": 8,
              "size": "XS",
            },
          },
          "style_id": 240500,
        }
      }
      weight={600}
    />
    <StyleComponent
      click={[MockFunction]}
      key="1"
      style={
        Object {
          "name": "Forest Green & Black",
          "original_price": "140.00",
          "photos": Array [
            Object {
              "thumbnail_url": "https://images.unsplash.com/photo-1501088430049-71c79fa3283e?ixlib=rb-1.2.1&ixid=eyJhcHBfaWQiOjEyMDd9&auto=format&fit=crop&w=300&q=80",
              "url": "https://images.unsplash.com/photo-1501088430049-71c79fa3283e?ixlib=rb-1.2.1&ixid=eyJhcHBfaWQiOjEyMDd9&auto=format&fit=crop&w=668&q=80",
            },
          ],
          "sale_price": null,
          "skus": Object {
            "1394769": Object {
              "quantity": 8,
              "size": "XS",
            },
          },
          "style_id": 240500,
        }
      }
    />
  </div>
</div>
`;
